<html>
<body>
<pre>
<h1>µVision Build Log</h1>
<h2>Tool Versions:</h2>
IDE-Version: ¦ÌVision V5.28.0.0
Copyright (C) 2019 ARM Ltd and ARM Germany GmbH. All rights reserved.
License Information: wang xi, SJTU, LIC=8VRJJ-U3N8S-74AS0-B4IWM-1XVRU-6EU4U
 
Tool Versions:
Toolchain:       MDK-ARM Plus  Version: 5.28.0.0
Toolchain Path:  D:\Keil_v5\ARM\ARMCC\Bin
C Compiler:      Armcc.exe V5.06 update 6 (build 750)
Assembler:       Armasm.exe V5.06 update 6 (build 750)
Linker/Locator:  ArmLink.exe V5.06 update 6 (build 750)
Library Manager: ArmAr.exe V5.06 update 6 (build 750)
Hex Converter:   FromElf.exe V5.06 update 6 (build 750)
CPU DLL:         SARMCM3.DLL V5.28.0.0
Dialog DLL:      DCM.DLL V1.17.3.0
Target DLL:      STLink\ST-LINKIII-KEIL_SWO.dll V3.0.6.0
Dialog DLL:      TCM.DLL V1.36.2.0
 
<h2>Project:</h2>
F:\git\RM2020-windmill\RM_frame_windmill\MDK-ARM\RM_frame.uvprojx
Project File Date:  02/08/2020

<h2>Output:</h2>
*** Using Compiler 'V5.06 update 6 (build 750)', folder: 'D:\Keil_v5\ARM\ARMCC\Bin'
Build target 'RM_frame'
compiling stm32f4xx_hal_iwdg.c...
compiling stm32f4xx_hal_tim_ex.c...
compiling stm32f4xx_hal_spi.c...
compiling stm32f4xx_hal_uart.c...
compiling stm32f4xx_hal_tim.c...
compiling stm32f4xx_hal_rcc.c...
compiling stm32f4xx_hal_can.c...
compiling stm32f4xx_hal_rcc_ex.c...
compiling stm32f4xx_hal_flash_ramfunc.c...
compiling stm32f4xx_hal_flash_ex.c...
compiling stm32f4xx_hal_gpio.c...
compiling stm32f4xx_hal_flash.c...
compiling stm32f4xx_hal_dma.c...
compiling stm32f4xx_hal_dma_ex.c...
compiling stm32f4xx_hal_pwr.c...
compiling stm32f4xx_hal_pwr_ex.c...
compiling stm32f4xx_hal_cortex.c...
compiling stm32f4xx_hal.c...
compiling FunctionTask.c...
..\Tasks\Src\FunctionTask.c(84): warning:  #188-D: enumerated type mixed with another type
  					HAL_GPIO_WritePin(GPIOI,GPIO_PIN_6,0);
..\Tasks\Src\FunctionTask.c(85): warning:  #188-D: enumerated type mixed with another type
  					HAL_GPIO_WritePin(GPIOI,GPIO_PIN_2,0);
..\Tasks\Src\FunctionTask.c(99): warning:  #188-D: enumerated type mixed with another type
  			HAL_GPIO_WritePin(GPIOI,GPIO_PIN_6,1);
..\Tasks\Src\FunctionTask.c(100): warning:  #188-D: enumerated type mixed with another type
  					HAL_GPIO_WritePin(GPIOI,GPIO_PIN_2,1);
..\Tasks\Src\FunctionTask.c: 4 warnings, 0 errors
compiling CANTask.c...
compiling ControlTask.c...
compiling IMUTask.c...
compiling pid_regulator.c...
compiling CANMotor.c...
compiling RemoteTask.c...
compiling JudgeTask.c...
compiling ManifoldTask.c...
compiling UpperTask.c...
compiling main.c...
compiling gpio.c...
compiling dma.c...
compiling can.c...
compiling iwdg.c...
assembling startup_stm32f427xx.s...
compiling spi.c...
compiling tim.c...
compiling usart.c...
compiling stm32f4xx_hal_msp.c...
compiling stm32f4xx_it.c...
compiling system_stm32f4xx.c...
linking...
Program Size: Code=24300 RO-data=804 RW-data=1836 ZI-data=2268  
FromELF: creating hex file...
".\RM_frame\RM_frame.axf" - 0 Error(s), 4 Warning(s).

<h2>Software Packages used:</h2>

Package Vendor: ARM
                http://www.keil.com/pack/ARM.CMSIS.5.5.1.pack
                ARM.CMSIS.5.5.1
                CMSIS (Cortex Microcontroller Software Interface Standard)
   * Component: CORE Version: 5.2.0

Package Vendor: Keil
                http://www.keil.com/pack/Keil.STM32F4xx_DFP.2.14.0.pack
                Keil.STM32F4xx_DFP.2.14.0
                STMicroelectronics STM32F4 Series Device Support, Drivers and Examples

<h2>Collection of Component include folders:</h2>
  .\RTE\_RM_frame
  D:\Users\admin\AppData\Local\Arm\Packs\ARM\CMSIS\5.5.1\CMSIS\Core\Include
  D:\Users\admin\AppData\Local\Arm\Packs\Keil\STM32F4xx_DFP\2.14.0\Drivers\CMSIS\Device\ST\STM32F4xx\Include

<h2>Collection of Component Files used:</h2>

   * Component: ARM::CMSIS:CORE:5.2.0
Build Time Elapsed:  00:01:16
</pre>
</body>
</html>
