C51 COMPILER V9.54   LED_TASK                                                              08/26/2020 09:36:40 PAGE 1   


C51 COMPILER V9.54, COMPILATION OF MODULE LED_TASK
OBJECT MODULE PLACED IN .\object\led_task.obj
COMPILER INVOKED BY: D:\Keil_v5\C51\BIN\C51.EXE led_task.c OPTIMIZE(8,SPEED) BROWSE DEBUG OBJECTEXTEND PRINT(.\listing\l
                    -ed_task.lst) OBJECT(.\object\led_task.obj)

line level    source

   1          #ifndef _LED_c
   2          #define _LED_c
   3          
   4          #endif
   5          
   6          #include <STC8.H>
   7          #include <intrins.h>
   8          #include "UART1.h"
   9          #include "led_task.h"
  10          #define Fosc 11059200
  11          
  12          sbit DO = P1^6;//数据输出口口
  13          
  14          unsigned char color_buf[3];
  15          
  16          void delay1us()
  17          {
  18   1          unsigned char a;
  19   1          for(a=3;a>0;a--);
  20   1      }
  21          
  22          /**目前测试STC15系列9～30MHz整得成**/
  23          /**适当调整_NOP_(),最低8MHz也整得成***/
  24          /*调整Re、Gr、Bl的比例可搭配出各种颜色*/
  25          /********0～255,共256级亮度 *********/
  26          /*****调整数字大小可调整色调及亮度*****/
  27          //括号内分别代表（红、绿、蓝）数据
  28          void WS2812WR(unsigned char Re,unsigned char Gr,unsigned char Bl)
  29          {
  30   1              unsigned char color=3,dat,i=8;
  31   1              DO=0;
  32   1              //依次输出24bit GRB数据
  33   1              while(color--)
  34   1              {
  35   2                      if(color==2)dat=Gr;
  36   2                      if(color==1)dat=Re;
  37   2                      if(color==0)dat=Bl;
  38   2                      while(i--)
  39   2                      {
  40   3                              if(dat & 0X80)//写1
  41   3                              {
  42   4                                      DO=1;delay1us();
  43   4                                      DO=0;_nop_();
  44   4                              }
  45   3                              else          //写0
  46   3                              {
  47   4                                      DO=1;_nop_();
  48   4                                      DO=0;delay1us();
  49   4                              }
  50   3                              dat <<= 1;
  51   3                      }
  52   2                      
  53   2              i=8;
  54   2              }
C51 COMPILER V9.54   LED_TASK                                                              08/26/2020 09:36:40 PAGE 2   

  55   1      }
  56          
  57          unsigned char code arr[3][5]={  {2,0,1,0,2},
  58                                                                          {0,2,2,2,0},
  59                                                                          {1,1,0,1,1}};
  60          unsigned char color = 2,state = 1;
  61          
  62          void array()
  63          {
  64   1      /*      uchar i;
  65   1              for(i=0;i<125;i++) WS2812WR(0,100,0);*/
  66   1              
  67   1              static unsigned char cnt=0;
  68   1              static unsigned char times=0;
  69   1              static unsigned char i,j;
  70   1              for(i=0;i<5;i++)
  71   1              {
  72   2                      for(j=0;j<25;j++)
  73   2                      {
  74   3                              if(cnt%3==1)
  75   3                              {
  76   4                                      if(j%3==arr[cnt/3][i]){
  77   5                                              if(color == 3) WS2812WR(color_buf[0], color_buf[1], color_buf[2]);
  78   5                                              else if(color==2) WS2812WR(0,0,250);
  79   5                                              else WS2812WR(250,0,0);
  80   5                                      }
  81   4                                      else WS2812WR(0,0,0);
  82   4                              }
  83   3                              
  84   3                              else if(cnt%3==0)
  85   3                              {
  86   4                                      if((j%3==arr[cnt/3][i])||(j%3==arr[(cnt/3>0)?(cnt/3-1):(cnt/3+2)][i])){
  87   5                                              if(color == 3) WS2812WR(color_buf[0], color_buf[1], color_buf[2]);
  88   5                                              else if(color==2) WS2812WR(0,0,250);
  89   5                                              else WS2812WR(250,0,0);
  90   5                                      }
  91   4                                      else WS2812WR(0,0,0);
  92   4                              }
  93   3                              
  94   3                              else
  95   3                              {
  96   4                                      if((j%3==arr[cnt/3][i])||(j%3==arr[(cnt/3<2)?(cnt/3+1):(cnt/3-2)][i])){
  97   5                                              if(color == 3) WS2812WR(color_buf[0], color_buf[1], color_buf[2]);
  98   5                                              else if(color==2) WS2812WR(0,0,250);
  99   5                                              else WS2812WR(250,0,0);
 100   5                                      }
 101   4                                      else WS2812WR(0,0,0);
 102   4                              }
 103   3                      }
 104   2              }
 105   1              
 106   1              times++;
 107   1              if(times>=1)
 108   1              {
 109   2                      times=0;
 110   2                      cnt++;
 111   2                      if(cnt>8) cnt=0;
 112   2              }
 113   1      }
 114          
 115          void complete()
 116          {
C51 COMPILER V9.54   LED_TASK                                                              08/26/2020 09:36:40 PAGE 3   

 117   1              unsigned char i,j;
 118   1              for(j=0;j<5;j++){
 119   2                      for(i=0;i<253;i++){
 120   3                              if(color == 3) WS2812WR(color_buf[0], color_buf[1], color_buf[2]);
 121   3                              else if(color==2) WS2812WR(0,0,250);
 122   3                              else WS2812WR(250,0,0);
 123   3                      }
 124   2                      delays(249);
 125   2                      for(i=0;i<253;i++) WS2812WR(0,0,0);
 126   2                      delays(249);
 127   2              }
 128   1      }
 129          
 130          void waiting()
 131          {
 132   1              unsigned char i;
 133   1      
 134   1              for(i=0;i<32;i++) WS2812WR(0,0,0);
 135   1              for(i=32;i<67;i++) 
 136   1              {
 137   2                      if(color == 3) WS2812WR(color_buf[0], color_buf[1], color_buf[2]);
 138   2                      else if(color==2) WS2812WR(0,0,250);
 139   2                      else WS2812WR(250,0,0);
 140   2              }
 141   1              
 142   1              for(i=67;i<97;i++) WS2812WR(0,0,0);
 143   1              
 144   1              array();
 145   1              
 146   1              for(i=222;i<253;i++)
 147   1              {
 148   2                      if(color == 3) WS2812WR(color_buf[0], color_buf[1], color_buf[2]);
 149   2                      else if(color==2) WS2812WR(0,0,250);
 150   2                      else WS2812WR(250,0,0);
 151   2              }
 152   1      }


MODULE INFORMATION:   STATIC OVERLAYABLE
   CODE SIZE        =    681    ----
   CONSTANT SIZE    =     15    ----
   XDATA SIZE       =   ----    ----
   PDATA SIZE       =   ----    ----
   DATA SIZE        =      9       3
   IDATA SIZE       =   ----    ----
   BIT SIZE         =   ----    ----
END OF MODULE INFORMATION.


C51 COMPILATION COMPLETE.  0 WARNING(S),  0 ERROR(S)
