C51 COMPILER V9.54   UART1                                                                 08/27/2020 18:55:30 PAGE 1   


C51 COMPILER V9.54, COMPILATION OF MODULE UART1
OBJECT MODULE PLACED IN .\object\UART1.obj
COMPILER INVOKED BY: D:\Keil_v5\C51\BIN\C51.EXE UART1.c OPTIMIZE(8,SPEED) BROWSE DEBUG OBJECTEXTEND PRINT(.\listing\UART
                    -1.lst) OBJECT(.\object\UART1.obj)

line level    source

   1          /* 
   2            BAUD设置在晶振22118400有bug，高BAUD只能设置为115200
   3            或者把uart_config()里面的if注释掉                                                                              */
   4          
   5          #ifndef _UART_C
   6          #define _UART_C
   7          
   8          #include <STC8.H>
   9          #include "led_task.h"
  10          #define Fosc 11059200
  11          
  12          #endif
  13          
  14          #define RXD_MAX 20
  15          
  16          bit txd_flag=0;                                                          //两者为1代表忙
  17          bit rxd_flag=0;
  18          bit rxd_complete=0;                                                      //rxd完成
  19          bit rxd_overflow=0;                                                      //接收溢出
  20          unsigned char rxd_index=0;                                       //接收字符个数
  21          unsigned char pdata buf_rxd[RXD_MAX];                    //接收缓冲
  22          
  23          unsigned char TH2_ini,TL2_ini;
  24          unsigned char cnt=0;                                             //超时计数器
  25          
  26          unsigned char color_receive_mode = 0;
  27          
  28          void uart_config(unsigned int baud)
  29          {
  30   1          if(baud!=0x8400)
  31   1              {
  32   2                  TL2_ini=65536-Fosc/(baud*4);
  33   2                  TH2_ini=(65536-Fosc/baud/4)>>8;
  34   2              }
  35   1              else
  36   1              {
  37   2                  TL2_ini=0XF4;
  38   2                      TH2_ini=0XFF;
  39   2              }
  40   1              
  41   1              EA=1;
  42   1      
  43   1              SCON=0X50;                        //开启接收
  44   1              ES=1;                    
  45   1              AUXR|=0X15;                       //T2作为波特率发生器,T2速度加倍,T2开始计时
  46   1      
  47   1              T2L=TL2_ini;              //初值
  48   1              T2H=TH2_ini;
  49   1      }
  50          
  51          void uart_write(unsigned char *buf)
  52          {
  53   1          while(*buf!='\0')
  54   1          {
C51 COMPILER V9.54   UART1                                                                 08/27/2020 18:55:30 PAGE 2   

  55   2                      while(txd_flag);
  56   2                  txd_flag=1;
  57   2                  SBUF=*buf++;          
  58   2          }
  59   1      }
  60          
  61          void uart_read(unsigned char *buf)
  62          {
  63   1          unsigned char i=0;  
  64   1          for(i=0;i<=rxd_index;i++)
  65   1          {
  66   2              *buf++=buf_rxd[i];
  67   2          }
  68   1              rxd_index=0;
  69   1      }
  70          
  71          extern unsigned char color,state;
  72          
  73          extern void delays(unsigned int m);
  74          
  75          extern void waiting();
  76          
  77          void uart_inter() interrupt 4
  78          {
  79   1              if(RI) 
  80   1              {
  81   2                      unsigned char s=SBUF;
  82   2                      RI=0;
  83   2                      
  84   2                      if(color_receive_mode){
  85   3                              color_buf[color_receive_mode - 1] = SBUF;
  86   3                              color_receive_mode++;
  87   3                              if(color_receive_mode > 3){
  88   4                                      color_receive_mode = 0;
  89   4                                      color=3;
  90   4                              }
  91   3                      }
  92   2                      else {
  93   3                              switch(s)
  94   3                              {
  95   4                                      case 'r': color=1;break;
  96   4                                      case 'b': color=2;break;
  97   4                                      case 'e': color=3;break;
  98   4                                      case '0': state=0;break;
  99   4                                      case '1': state=1;break;
 100   4                                      case '2': state=2;break;
 101   4                                      case '3': state=3;break;
 102   4                                      case 'C': color_receive_mode = 1;SBUF='C';break;
 103   4                                      case 'A': SBUF = 'A';break;
 104   4                              }
 105   3                      }
 106   2              }
 107   1      
 108   1              if(TI)
 109   1              {
 110   2                      TI=0; 
 111   2              }
 112   1      }
 113            
 114          void uart_monitor()                                       //串口空闲检测，在定时器中调用
 115          {
 116   1              if(rxd_flag) cnt++;                               //串口1超时判定
C51 COMPILER V9.54   UART1                                                                 08/27/2020 18:55:30 PAGE 3   

 117   1              if(cnt>8)
 118   1              {
 119   2                  cnt=0;
 120   2                  rxd_flag=0;
 121   2                      if(buf_rxd[rxd_index-1]!='\0') buf_rxd[rxd_index]='\0';
 122   2                      rxd_complete=1;
 123   2              }                                 
 124   1      }                                                                                          
 125          
 126          /*
 127          extern void uart_action(unsigned char *buf,unsigned char len);            //串口动作
 128          */


MODULE INFORMATION:   STATIC OVERLAYABLE
   CODE SIZE        =    386    ----
   CONSTANT SIZE    =   ----    ----
   XDATA SIZE       =   ----    ----
   PDATA SIZE       =     20    ----
   DATA SIZE        =      5       9
   IDATA SIZE       =   ----    ----
   BIT SIZE         =      4    ----
END OF MODULE INFORMATION.


C51 COMPILATION COMPLETE.  0 WARNING(S),  0 ERROR(S)
