C51 COMPILER V9.54   LED_TASK                                                              07/13/2020 11:55:43 PAGE 1   


C51 COMPILER V9.54, COMPILATION OF MODULE LED_TASK
OBJECT MODULE PLACED IN .\object\led_task.obj
COMPILER INVOKED BY: D:\Keil_v5\C51\BIN\C51.EXE led_task.c OPTIMIZE(8,SPEED) BROWSE DEBUG OBJECTEXTEND PRINT(.\listing\l
                    -ed_task.lst) OBJECT(.\object\led_task.obj)

line level    source

   1          #ifndef _LED_c
   2          #define _LED_c
   3          
   4          #endif
   5          
   6          #include <STC15F2K60S2.H>
   7          #include <intrins.h>
   8          #include "UART1.h"
   9          #include "led_task.h"
  10          #define Fosc 11059200
  11          
  12          sbit DO = P0^2;//数据输出口口
  13          
  14          void delay1us()
  15          {
  16   1          unsigned char a;
  17   1          for(a=3;a>0;a--);
  18   1      }
  19          
  20          /**目前测试STC15系列9～30MHz整得成**/
  21          /**适当调整_NOP_(),最低8MHz也整得成***/
  22          /*调整Re、Gr、Bl的比例可搭配出各种颜色*/
  23          /********0～255,共256级亮度 *********/
  24          /*****调整数字大小可调整色调及亮度*****/
  25          //括号内分别代表（红、绿、蓝）数据
  26          void WS2812WR(unsigned char Re,unsigned char Gr,unsigned char Bl)
  27          {
  28   1              unsigned char color=3,dat,i=8;
  29   1              DO=0;
  30   1              //依次输出24bit GRB数据
  31   1              while(color--)
  32   1              {
  33   2                if(color==2)dat=Gr;
  34   2                if(color==1)dat=Re;
  35   2                if(color==0)dat=Bl;
  36   2                      while(i--)
  37   2                      {
  38   3                              if(dat & 0X80)//写1
  39   3                              {
  40   4                                      DO=1;delay1us();
  41   4                                      DO=0;_nop_();
  42   4                              }
  43   3                              else          //写0
  44   3                              {
  45   4                                      DO=1;_nop_();
  46   4                                      DO=0;delay1us();
  47   4                              }
  48   3                                dat <<= 1;
  49   3                      }
  50   2              i=8;
  51   2        }
  52   1      }
  53          
  54          unsigned char code arr[3][5]={{2,0,1,0,2},
C51 COMPILER V9.54   LED_TASK                                                              07/13/2020 11:55:43 PAGE 2   

  55                               {0,2,2,2,0},
  56                                                                                           {1,1,0,1,1}};
  57          unsigned char color = 1,state = 1;
  58          
  59          void array()
  60          {
  61   1      /*      uchar i;
  62   1              for(i=0;i<125;i++) WS2812WR(0,100,0);*/
  63   1              
  64   1              static unsigned char cnt=0;
  65   1              static unsigned char times=0;
  66   1              static unsigned char i,j;
  67   1              for(i=0;i<5;i++)
  68   1              {
  69   2                      for(j=0;j<25;j++)
  70   2                      {
  71   3                              if(cnt%3==1)
  72   3                              {
  73   4                                      if(j%3==arr[cnt/3][i])
  74   4                                      {
  75   5                            if(color==2) WS2812WR(0,0,250);
  76   5                      else WS2812WR(250,0,0);
  77   5              }
  78   4                          else WS2812WR(0,0,0);
  79   4                              }
  80   3                              else if(cnt%3==0)
  81   3                              {
  82   4                                      if((j%3==arr[cnt/3][i])||(j%3==arr[(cnt/3>0)?(cnt/3-1):(cnt/3+2)][i])) 
  83   4                                      {
  84   5                            if(color==2) WS2812WR(0,0,100);
  85   5                      else WS2812WR(100,0,0);
  86   5                    }
  87   4                          else WS2812WR(0,0,0);
  88   4                              }
  89   3                              else
  90   3                              {
  91   4                                      if((j%3==arr[cnt/3][i])||(j%3==arr[(cnt/3<2)?(cnt/3+1):(cnt/3-2)][i])) 
  92   4                                      {
  93   5                            if(color==2) WS2812WR(0,0,100);
  94   5                      else WS2812WR(100,0,0);
  95   5                    }
  96   4                          else WS2812WR(0,0,0);
  97   4                              }
  98   3                      }
  99   2              }
 100   1              times++;
 101   1              if(times>=1)
 102   1              {
 103   2                      times=0;
 104   2                      cnt++;
 105   2                      if(cnt>8) cnt=0;
 106   2              }
 107   1      }
 108          
 109          void complete()
 110          {
 111   1              unsigned char i,j;
 112   1              for(j=0;j<5;j++)
 113   1              {
 114   2          for(i=0;i<253;i++)
 115   2          {
 116   3                        if(color==2) WS2812WR(0,0,250);
C51 COMPILER V9.54   LED_TASK                                                              07/13/2020 11:55:43 PAGE 3   

 117   3                        else WS2812WR(250,0,0);
 118   3                }
 119   2                delays(249);
 120   2                      for(i=0;i<253;i++) WS2812WR(0,0,0);
 121   2                      delays(249);
 122   2              }
 123   1      }
 124          
 125          void waiting()
 126          {
 127   1              unsigned char i;
 128   1      
 129   1              for(i=0;i<32;i++) WS2812WR(0,0,0);
 130   1              for(i=32;i<67;i++) 
 131   1              {
 132   2                      if(color==2) WS2812WR(0,0,250);
 133   2                      else WS2812WR(250,0,0);
 134   2              }
 135   1              for(i=67;i<97;i++) WS2812WR(0,0,0);
 136   1              array();
 137   1              for(i=222;i<253;i++)
 138   1              {
 139   2                      if(color==2) WS2812WR(0,0,250);
 140   2                      else WS2812WR(250,0,0);
 141   2              }
 142   1      }


MODULE INFORMATION:   STATIC OVERLAYABLE
   CODE SIZE        =    639    ----
   CONSTANT SIZE    =     15    ----
   XDATA SIZE       =   ----    ----
   PDATA SIZE       =   ----    ----
   DATA SIZE        =      6       3
   IDATA SIZE       =   ----    ----
   BIT SIZE         =   ----    ----
END OF MODULE INFORMATION.


C51 COMPILATION COMPLETE.  0 WARNING(S),  0 ERROR(S)
