C51 COMPILER V9.54   MAIN                                                                  08/11/2020 16:52:06 PAGE 1   


C51 COMPILER V9.54, COMPILATION OF MODULE MAIN
OBJECT MODULE PLACED IN .\object\main.obj
COMPILER INVOKED BY: D:\Keil_v5\C51\BIN\C51.EXE main.c OPTIMIZE(8,SPEED) BROWSE DEBUG OBJECTEXTEND PRINT(.\listing\main.
                    -lst) OBJECT(.\object\main.obj)

line level    source

   1          /***WS2812驱动程序***/
   2          /*作者：YUAN HUA FEI*/
   3          #include <STC15F2K60S2.H>
   4          #include "UART1.h"
   5          #include "led_task.h"
   6          
   7          #define  num 253//灯泡个数
   8          
   9          sbit DO = P0^2;//数据输出口口
  10          sbit key = P0^1;
  11          sbit gnd = P0^0;
  12          
  13          void delays(unsigned int m)
  14          {
  15   1        unsigned char i,j;
  16   1        while(--m)
  17   1        {
  18   2                for(i=6;i>0;i--)
  19   2                  for(j=250;j>0;j--);
  20   2        }
  21   1      }
  22          
  23          void main()
  24          {
  25   1              unsigned char i;
  26   1              
  27   1              P0M0=0XFF;P0M1=0;
  28   1              gnd=0;key=1;
  29   1              
  30   1              TMOD=0X00;
  31   1              TH0 = 0XF8;
  32   1              TL0 = 0XF0;
  33   1              ET0 = 1;
  34   1              EA = 1;
  35   1              TR0 = 1;
  36   1              
  37   1              uart_config(115200);
  38   1      
  39   1              while(1)
  40   1              {
  41   2                      EA=0;
  42   2                      switch(state)
  43   2                      {
  44   3                              case 0:
  45   3                                      for(i=0;i<253;i++) WS2812WR(0,0,0);
  46   3                                      break;
  47   3                              case 1:
  48   3                                      waiting();
  49   3                                      break;
  50   3                              case 2:
  51   3                                      for(i=0;i<253;i++) {
  52   4                                              if(color==2) WS2812WR(0,0,250);
  53   4                                              else WS2812WR(250,0,0);
  54   4                                      }
C51 COMPILER V9.54   MAIN                                                                  08/11/2020 16:52:06 PAGE 2   

  55   3                                      
  56   3                                      delays(500);
  57   3                                      state = 1;
  58   3                                      break;
  59   3                              case 3:
  60   3                                      complete();
  61   3                                      state=0;
  62   3                                      break;
  63   3                      }
  64   2                      
  65   2                      delays(50);
  66   2                      EA=1;
  67   2              }
  68   1      }
  69                          
  70          void inter_timer_0() interrupt 1
  71          {
  72   1              static unsigned char buf=0,stable=0,scnt=0;
  73   1              
  74   1              stable<<=1;
  75   1              buf<<=1;
  76   1              if(stable == 0)
  77   1              {
  78   2                      if(scnt == 0) buf|=~key;
  79   2                      else 
  80   2                      {
  81   3                              scnt--;
  82   3      //                      stable = 0xff;
  83   3                      }
  84   2              }
  85   1              
  86   1              if(buf&0x01 == 0x01) 
  87   1              {
  88   2              //      uart_write("1");
  89   2                      SBUF = '1';
  90   2                      state = 2;
  91   2                      stable = 0xff;
  92   2                      buf = 0;
  93   2                      scnt = 20;
  94   2              }
  95   1      }
  96                          
  97                          
  98                          
  99                          
 100          /*              for(j=0;j<num;j++)
 101                          {
 102                                  for(i=0;i<num;i++)
 103                                  {
 104                                          if(i==j-2)
 105                                          WS2812WR(200,0,200);  //粉红
 106          
 107                                          if(i==j-1)
 108                                          WS2812WR(0,200,200);  //青兰
 109          
 110                                          if(i==j)
 111                                          WS2812WR(200,200,0);  //橙黄
 112          
 113                                          if(i==j+1)
 114                                          WS2812WR(200,200,200);//正白
 115                                          
 116                                          else
C51 COMPILER V9.54   MAIN                                                                  08/11/2020 16:52:06 PAGE 3   

 117                                          WS2812WR(0x22,0,0);//蓝色底色
 118                                  }               
 119                                  
 120                                          delays(100);//反正每次整完一组
 121          //都是要延时一段时间的，而每发完32bit数据
 122          //IO总是为低，那只要随便延时下就复位了                  
 123                          }*/


MODULE INFORMATION:   STATIC OVERLAYABLE
   CODE SIZE        =    218    ----
   CONSTANT SIZE    =   ----    ----
   XDATA SIZE       =   ----    ----
   PDATA SIZE       =   ----    ----
   DATA SIZE        =      3       1
   IDATA SIZE       =   ----    ----
   BIT SIZE         =   ----    ----
END OF MODULE INFORMATION.


C51 COMPILATION COMPLETE.  0 WARNING(S),  0 ERROR(S)
